=== overrides 差异(全臂): ['assortative_mating', 'forage_tradeoff', 'mate_forage_random_axis']
  A vs B: ['forage_tradeoff']
  A vs C: ['mate_forage_random_axis']
  A vs D: ['assortative_mating']
  B vs C: ['forage_tradeoff', 'mate_forage_random_axis']
  B vs D: ['assortative_mating', 'forage_tradeoff']
  C vs D: ['assortative_mating', 'mate_forage_random_axis']

=== 1. 四臂 Δ mean gene(one_sample vs 0,12 格均值)===
--- d_mf[A] : d_mf[A] vs μ=0.0 ---
  A 均值 = 0.40819   μ=0.0 均值 = 0.00000   差 = +0.40819 (+nan% of μ=0.0)
  逐种子差 = [+0.39801 +0.69105 +0.67216 -0.34619 +0.37614 +0.72135 -0.3002  +0.37276
 +0.71442 +0.74439 +0.20039 +0.65397]
  同向种子数: 差>0 10/12, 差<0 2/12
  配对 Wilcoxon 双侧: W=5.0  p=0.00488   [n=12 地板 p=0.00049]
  95% bootstrap CI (B=20000, 配对差均值) = [+0.18757, +0.60205]  不含 0
  效应量: Cohen dz = +1.060   匹配对秩双列 r_rb = +0.872
  效应/噪声比 (自估配对差噪声 0.280283) = +1.456
  配对差实测 SD = 0.385116 vs 仅噪声预测 0.280283 -> 实测/预测 = 1.37
  逐 run(24 个): >0 的有 17/24, min=-0.4382, max=+0.9704

--- d_mf[B] : d_mf[B] vs μ=0.0 ---
  B 均值 = 0.25613   μ=0.0 均值 = 0.00000   差 = +0.25613 (+nan% of μ=0.0)
  逐种子差 = [+0.59475 +0.57307 +0.15577 -0.16876 +0.50468 +0.67843 -0.30739 -0.22148
 +0.46113 +0.60936 +0.09471 +0.09925]
  同向种子数: 差>0 9/12, 差<0 3/12
  配对 Wilcoxon 双侧: W=15.0  p=0.06396   [n=12 地板 p=0.00049]
  95% bootstrap CI (B=20000, 配对差均值) = [+0.05748, +0.44336]  不含 0
  效应量: Cohen dz = +0.716   匹配对秩双列 r_rb = +0.615
  效应/噪声比 (自估配对差噪声 0.261646) = +0.979   ** <1，功效不足 **
  配对差实测 SD = 0.357894 vs 仅噪声预测 0.261646 -> 实测/预测 = 1.37
  逐 run(24 个): >0 的有 15/24, min=-0.3957, max=+0.7894

--- d_mf[C] : d_mf[C] vs μ=0.0 ---
  C 均值 = 0.17725   μ=0.0 均值 = 0.00000   差 = +0.17725 (+nan% of μ=0.0)
  逐种子差 = [-0.06262 +0.38962 +0.42354 +0.04061 -0.10794 +0.37437 +0.49209 +0.20244
 +0.09551 -0.04507 +0.3586  -0.03416]
  同向种子数: 差>0 8/12, 差<0 4/12
  配对 Wilcoxon 双侧: W=14.0  p=0.05225   [n=12 地板 p=0.00049]
  95% bootstrap CI (B=20000, 配对差均值) = [+0.05993, +0.29548]  不含 0
  效应量: Cohen dz = +0.803   匹配对秩双列 r_rb = +0.641
  效应/噪声比 (自估配对差噪声 0.304517) = +0.582   ** <1，功效不足 **
  配对差实测 SD = 0.220661 vs 仅噪声预测 0.304517 -> 实测/预测 = 0.72
  逐 run(24 个): >0 的有 17/24, min=-0.4708, max=+0.6767

--- d_mf[D] : d_mf[D] vs μ=0.0 ---
  D 均值 = -0.02617   μ=0.0 均值 = 0.00000   差 = -0.02617 (+nan% of μ=0.0)
  逐种子差 = [-0.04453 +0.04725 +0.07828 -0.0091  -0.12507 -0.03755 -0.0691  +0.01779
 -0.14522 +0.08072 +0.06865 -0.17613]
  同向种子数: 差>0 5/12, 差<0 7/12
  配对 Wilcoxon 双侧: W=30.0  p=0.51855   [n=12 地板 p=0.00049]
  95% bootstrap CI (B=20000, 配对差均值) = [-0.07525, +0.02094]  **含 0**
  效应量: Cohen dz = -0.293   匹配对秩双列 r_rb = -0.231
  效应/噪声比 (自估配对差噪声 0.056319) = -0.465   ** <1，功效不足 **
  配对差实测 SD = 0.089285 vs 仅噪声预测 0.056319 -> 实测/预测 = 1.59
  逐 run(24 个): >0 的有 10/24, min=-0.2092, max=+0.2367

=== 2. 臂间对比(paired,noise 用全臂自估)===
--- <derived> : A-C 总效应 ---
  A 均值 = 0.40819   C 均值 = 0.17725   差 = +0.23094 (+130.29% of C)
  逐种子差 = [+0.46064 +0.30143 +0.24863 -0.38681 +0.48407 +0.34698 -0.7923  +0.17031
 +0.61891 +0.78946 -0.1582  +0.68813]
  同向种子数: 差>0 9/12, 差<0 3/12
  配对 Wilcoxon 双侧: W=19.0  p=0.12939   [n=12 地板 p=0.00049]
  95% bootstrap CI (B=20000, 配对差均值) = [-0.03975, +0.46459]  **含 0**
  效应量: Cohen dz = +0.495   匹配对秩双列 r_rb = +0.513
  效应/噪声比 (自估配对差噪声 0.348511) = +0.663   ** <1，功效不足 **
  配对差实测 SD = 0.466204 vs 仅噪声预测 0.348511 -> 实测/预测 = 1.34

--- <derived> : A-B 收益净效应 ---
  A 均值 = 0.40819   B 均值 = 0.25613   差 = +0.15206 (+59.37% of B)
  逐种子差 = [-0.19674 +0.11798 +0.51639 -0.17743 -0.12854 +0.04292 +0.00719 +0.59424
 +0.25328 +0.13503 +0.10568 +0.55472]
  同向种子数: 差>0 9/12, 差<0 3/12
  配对 Wilcoxon 双侧: W=20.0  p=0.15137   [n=12 地板 p=0.00049]
  95% bootstrap CI (B=20000, 配对差均值) = [+0.00921, +0.30740]  不含 0
  效应量: Cohen dz = +0.548   匹配对秩双列 r_rb = +0.487
  效应/噪声比 (自估配对差噪声 0.348511) = +0.436   ** <1，功效不足 **
  配对差实测 SD = 0.277341 vs 仅噪声预测 0.348511 -> 实测/预测 = 0.80

--- <derived> : B-C 搭车 ---
  B 均值 = 0.25613   C 均值 = 0.17725   差 = +0.07888 (+44.50% of C)
  逐种子差 = [+0.65738 +0.18345 -0.26777 -0.20938 +0.61261 +0.30406 -0.79949 -0.42392
 +0.36562 +0.65443 -0.26388 +0.13341]
  同向种子数: 差>0 7/12, 差<0 5/12
  配对 Wilcoxon 双侧: W=32.0  p=0.62207   [n=12 地板 p=0.00049]
  95% bootstrap CI (B=20000, 配对差均值) = [-0.17965, +0.32782]  **含 0**
  效应量: Cohen dz = +0.167   匹配对秩双列 r_rb = +0.179
  效应/噪声比 (自估配对差噪声 0.348511) = +0.226   ** <1，功效不足 **
  配对差实测 SD = 0.471236 vs 仅噪声预测 0.348511 -> 实测/预测 = 1.35

=== 3. mf_above:Δ 与末值 ===
A: Δabove 均值=+0.3216  CI[+0.2146,+0.4233] p=0.0024  末 above 均值=0.3375
B: Δabove 均值=+0.2923  CI[+0.1712,+0.4027] p=0.0049  末 above 均值=0.3073
C: Δabove 均值=+0.3003  CI[+0.2345,+0.3700] p=0.0005  末 above 均值=0.3171
D: Δabove 均值=+0.0094  CI[-0.0022,+0.0274] p=0.3804  末 above 均值=0.0234
A-C Δabove: +0.0213  CI[-0.1131,+0.1439] p=0.3804  同向 9/12  效应/噪声=+0.11
A-B Δabove: +0.0292  CI[-0.0706,+0.1268] p=1.0000  同向 5/12  效应/噪声=+0.15
B-C Δabove: -0.0079  CI[-0.1498,+0.1300] p=0.9697  同向 7/12  效应/噪声=-0.04

=== 4. 按世代对齐的时间曲线(检验「累积」)===
A: g20=+0.219±0.053  g40=+0.305±0.073  g60=+0.345±0.081  g80=+0.363±0.090  g100=+0.381±0.091  g120=+0.400±0.093  g140=+0.406±0.093  g150=+0.408±0.094
B: g20=+0.072±0.049  g40=+0.216±0.069  g60=+0.242±0.083  g80=+0.247±0.089  g100=+0.251±0.092  g120=+0.240±0.094  g140=+0.255±0.090  g150=+0.256±0.090
C: g20=+0.141±0.041  g40=+0.218±0.061  g60=+0.230±0.067  g80=+0.234±0.072  g100=+0.210±0.072  g120=+0.200±0.075  g140=+0.183±0.077  g150=+0.179±0.077
   C 在 gen40: 均值 +0.2181, >0 的 run 16/24, SD 0.2984

=== 5. 探针3 的 C 臂散布(4 run,复核「40 代时 C=-0.007」)===
C 探针3 逐 run Δ: [+0.4036 +0.1183 -0.0623 -0.4876]
均值 -0.0070, SD 0.3734, SE 0.1867
